type octile
height 256
width 256
map
TTTTTTTTTTTTTTTTTTTTTTTTTTTTTTTTTTTTTTTTTTTTTTTTTTTTTTTTTTTTTTTTTTTTTTTTTTTTTTTTTTTTTTTTTTTTTTTTTTTTTTTTTTTTTTTTTTTTTTTTTTTTTTTTTTTTTTTTTTTTTTTTTTTTTTTTTTTTTTTTTTTTTTTTTTTTTTTTTTTTTTTTTTTTTTTTTTTTTTTTTTTTTTTTTTTTTTTTTTTTTTTTTTTTTTTTTTTTTTTTTTTTTTTTTTTTTTTT
T..............................................................................................................................................................................................................................................................T
T..............................................................................................................................................................................................................................................................T
T....................................................................................................................................................................................................................................................T..T......T
T........................................................................................................................................................................................................................................................T.....T
T..................................................................................................................................................................................................................................T...................T.......T
T........................................................................................................................................................................................................................................................T.....T
T........................................................................................................................................................................................................................................T.....................T
T.........................................................................................................................................................................................................................................T....................T
T..............................................................................................................................................................................................................................................................T
T.................................................................................................................................................................................................................................................T....T.......T
T.......................................................................................................................................................................................................................................................T......T
T...........................................................................................................................................................................................................................T..........T.......................T
T................................................................................................................................................................................................................................T.............................T
T..............................................................................................................................................................................................................................................................T
T..............................................................................................................................................................................................................................................................T
T........................................................................................................................................................................................................................................................T.....T
T...............................................................................................................................................................................................................................T.....................T........T
T...................................................................................................................................................................................................................................T..........................T
T.......................................................................................................................................................................................................................T.......................T..............T
T.................................................................................................................................................................................................................................................T..T.....T...T
T.......................................................................................................................................................................................................................................................T......T
T..............................................................................................................................................................................................................................................................T
T..............................................................................................................................................................................................................................................................T
T........................................................................................................................................................................................................................T......T..............................T
T.................................................................................................................................................................................................................T.......................................T....T
T...............................................................................................................................................................................................................................T...............T..............T
T..............................................................................................................................................................................................................................................................T
T..........................................................................................................................................................................................................................................T...................T
T..............................................................................................................................................................................................................................................................T
T.............................................................................................................................................................................................................................T..............T.................T
T.....................................................................................................................................................................................................................TT..T..........T.........................T
T...........................................................................................................................................................................................................................................T...T...T..........T
T..........................................................................................................................................................................................................T...................T...............................T
T.............................................................................................................................................................................................................................T......................T.........T
T.........................................................................................................................................................................................................T..................T.................................T
T...........................................................................................................................................................................................................................T......T.......T....T..............T
T..........................................................................................................................................................................................................................T...................................T
T.........................................................................................................................................................................................................................T.............T......................T
T...................................................................................................................................................................................................................T....T...T.................................T
T.............................................................................................................................................................................................................T.........TT..............T......................T
T......................................................................................................................................................................................................................T.......................................T
T.................................................................................................................................................................................................T...................T...T.T..................................T
T....................................................................................................................................................................................................................T....................T....................T
T.............................................................................................................................................................................................................T.....T...T...T..................................T
T........................................................................................................................................................................................................T........TT.T........T................................T
T.........................................................................................................................................................................................T.......................TT.....................T.....................T
T.....................................................................................................................................................................................................T..........T.............................................T
T.........................................................................................................................................................................................................T.....T..............................................T
T.............................................................................................................................................................................................T................T...............................................T
T.............................................................................................................................................................................................................TT...........T...................................T
T.....................................................................................................................................................................................T....T.................T.................................................T
T..........................................................................................................................................................................................T.......T........T..................................................T
T..................................................................................................................................................................................T.......................T...................................................T
T.........................................................................................................................................................................................................T....T............T..................................T
T................................................................................................................................................................................T...........T...........T.....................................................T
T.......................................................................................................................................................................................................T......................................................T
T.............................................................................................................................................................................................T........T...T..............T....................................T
T.....................................................................................................................................................................................................T.............T..........................................T
T....................................................................................................................................................................................................T.........................................................T
T...................................................................................................................................................................................................T..........................................................T
T..................................................................................................................................................................................................T............T..............................................T
T.................................................................................................................................................................................................T............................................................T
T................................................................................................................................................................................................T.....TT......................................................T
T...............................................................................................................................................................................................T..............................................................T
T............................................................................................................................................................................................T.T.....T...T......TT.............................................T
T.............................................................................................................................................................................................T................................................................T
T............................................................................................................................................................................T............T..T.................................................................T
T....................................................................................................................................................................................T......T...............T..................................................T
T.......................................................................................................................................................................T..................T..........T........................................................T
T..................................................................................................................................................................................T......T....................................................................T
T........................................................................................................................................................................................T.....................................................................T
T.......................................................................................................................................................................................T..T...................................................................T
T............................................................................................................................................................................TT........T.......................................................................T
T.....................................................................................................................................................................................TT.......................................................................T
T....................................................................................................................................................................................T...T..................T..................................................T
T.........................................................................................................................................................................T.........TT..................T......................................................T
T..................................................................................................................................................................................T...T.......................................................................T
T.............................................................................................................................................................................T...T................T...........................................................T
T.............................................................................................................................................................T..................T................T............................................................T
T........................................................................................................................................................T.....T................TT.............................................................................T
T......................................................................................................................................................................T...T...T.T.............................................................................T
T...............................................................................................................................................................T.............TT...............................................................................T
T................................................................................................................................................................T...........T......................T..........................................................T
T.............................................................................................................................................................T........T....T..................................................................................T
T......................................................................................................................................................................T...T...................................................................................T
T...................................................................................................................................................T.....................T.T......T...........................................................................T
T....................................................................................................................................................T...................T...T.................................................................................T
T......................................................................................................................................................T...........T....T....T........T........................................................................T
T....................................................................................................................................................T...T.............T.......................................................................................T
T..................................................................................................................................................T..................T........................................................................................T
T....................................................................................................................................................................T.........................................................................................T
T...................................................................................................................................................................T....................T.....................................................................T
T..................................................................................................................................................................T...........................................................................................T
T...........................................................................................................................................T...............T.....T.........T..................................................................................T
T..............................................................................................................................................................TTT......T......................................................................................T
T.............................................................................................................................................................T.T..............................................................................................T
T.......................................................................................................................................................T......T........T......................................................................................T
T........................................................................................................................................................T..T.T....T..T........................................................................................T
T............................................................................................................................................................TT................................................................................................T
T...........................................................................................................................................................T..................................................................................................T
T..................................................................................................................................T.......................T........T..........T...............................................................................T
T.........................................................................................................................................................T...........T........T...............................................................................T
T..............................................................................................................................................T.........T.....................................................................................................T
T..................................................................................................................................T....................T......................................................................................................T
T..............................................................................................................................................T.....T.T.T..........T..........................................................................................T
T.....................................................................................................................................................T..........T.............................................................................................T
T........................................................................................................................................T...........T.........................................................................................................T
T...........................................................................................................................................TT......T..................T.......................................................................................T
T...............................................................................................................................................T..T.T...T.....................................................................................................T
T.................................................................................................................................................T.........T..................................................................................................T
T................................................................................................................................................T.....T.......................................................................................................T
T...............................................................................................................................................T..............................................................................................................T
T..............................................................................................................................................T...............................................................................................................T
T............................................................................................................................................TT................................................................................................................T
T.......................................................................................................................T....................T.................................................................................................................T
T...........................................................................................................................................T.................T................................................................................................T
T..........................................................................................................................................T......T...T........................................................................................................T
T...................................................................................................................T.....................T.......T............................................................................................................T
T.............................................................................................................................T..........TT.....T..............................................................................................................T
T.....................................................................................................................................T.T..T...................................................................................................................T
T..................................................................................................................................T...T..............TT.......................................................................................................T
T.....................................................................................................................................T..................T.....................................................................................................T
T....................................................................................................................................T.........................................................................................................................T
T...................................................................................................................................T.T........................................................................................................................T
T..................................................................................................................................T...........................................................................................................................T
T.................................................................................................................................T.....................T......................................................................................................T
T................................................................................................................................T.............................................................................................................................T
T............................................................................................................................T..TT.....................T.......................................................................................................T
T..............................................................................................................................T...............................................................................................................................T
T......................................................................................................T........T.............T................................................................................................................................T
T.............................................................................................................T..............T............T.T..................................................................................................................T
T...................................................................................................................T.......TT.................................................................................................................................T
T..........................................................................................................T...............T...................................................................................................................................T
T........................................................................................................T................T..T....T....T.......................................................................................................................T
T..........................................................................................................T.............T.....................................................................................................................................T
T.................................................................................................................T.T...T......................................................................................................................................T
T......................................................................................................................T..........T......T.....................................................................................................................T
T..........................................................................................................T..T..TT...T........................................................................................................................................T
T....................................................................................................................T............T............................................................................................................................T
T...................................................................................................................T......................T...................................................................................................................T
T..................................................................................................................T...........................................................................................................................................T
T..............................................................................................................T..TT...........................................................................................................................................T
T......................................................................................................T.........T....................T........................................................................................................................T
T...............................................................................................................T..............................................................................................................................................T
T..............................................................................................................T...............................................................................................................................................T
T...............................................................................................T......TTT....T................................................................................................................................................T
T............................................................................................................T...T...............T.............................................................................................................................T
T...........................................................................................................T..................................................................................................................................................T
T..................................................................................T...T.T.................T...................................................................................................................................................T
T.........................................................................................................T....................................................................................................................................................T
T........................................................................................T..T............T.............T.......................................................................................................................................T
T.......................................................................................................T......................................................................................................................................................T
T................................................................................T.....................T.......................................................................................................................................................T
T.................................................................................................T...T............T...T.......................................................................................................................................T
T.....................................................................................T...T..........T.T...........T...........................................................................................................................................T
T.....................................................................................T....T........T..........................................................................................................................................................T
T..................................................................................................T...........................................................................................................................................................T
T................................................................................................TT............................................................................................................................................................T
T..................................................................................T..T..........T...T.........................................................................................................................................................T
T........................................................................................T.T....T..............................................................................................................................................................T
T..............................................................................................T....T..........................................................................................................................................................T
T..................................................................................T.........TT................T...............................................................................................................................................T
T............................................................................................T..........T.......T..............................................................................................................................................T
T.....................................................................T.....................T...............T..................................................................................................................................................T
T...................................................................T.....................TT............T......................................................................................................................................................T
T.........................................................................T..............TT..............T.....................................................................................................................................................T
T...................................................................T................T.T.T..T..................................................................................................................................................................T
T.......................................................................................T.......T..............................................................................................................................................................T
T................................................................T...T.................T.......................................................................................................................................................................T
T.....................................................................................T..................T.....................................................................................................................................................T
T....................................................................................T.........................................................................................................................................................................T
T...................................................................................T.....T....................................................................................................................................................................T
T.................................................................T................T...........................................................................................................................................................................T
T...............................................................................T.T............................................................................................................................................................................T
T.........................................................T......................T................T............................................................................................................................................................T
T..................................................................T............T..............................................................................................................................................................................T
T...................................................................T..........T.....TT.T......................................................................................................................................................................T
T.........................................................................T...T.....................T..........................................................................................................................................................T
T.......................................................T....................T.................................................................................................................................................................................T
T...................................................T.......................T....T.............................................................................................................................................................................T
T..........................................................................T...................................................................................................................................................................................T
T................................................................T........T........T...........................................................................................................................................................................T
T.........................................................T..............T..................T..................................................................................................................................................................T
T...................................................T...................T...................T..................................................................................................................................................................T
T......................................................................T..T....................................................................................................................................................................................T
T.....................................................................T........................................................................................................................................................................................T
T....................................................................T.........................................................................................................................................................................................T
T..............................................................T....T.....................T....................................................................................................................................................................T
T....................................................T.............T.T...T................T....................................................................................................................................................................T
T......................................................TT.........T...............T.T..........................................................................................................................................................................T
T................................................................T.......TT....................................................................................................................................................................................T
T...............................................T...............T..............................................................................................................................................................................................T
T..............................................................T....................T..........................................................................................................................................................................T
T.....................................T.......................T.........T......................................................................................................................................................................................T
T............................................................T.................................................................................................................................................................................................T
T.....................................T.....................T..................................................................................................................................................................................................T
T................................................T......T..T...............T......T............................................................................................................................................................................T
T.........................................................T....................................................................................................................................................................................................T
T....................................T.............T.....T.....................................................................................................................................................................................................T
T.......................................................T..........T...T.......................................................................................................................................................................................T
T...............................................TT.....T.........T.......T.....................................................................................................................................................................................T
T.....................................................T........................................................................................................................................................................................................T
T......................................T.............T.........................................................................................................................................................................................................T
T..............................T........T..T........T...................T......................................................................................................................................................................................T
T..................................................T..........T.T..............................................................................................................................................................................................T
T.................................................T...........T................................................................................................................................................................................................T
T................................................T.............................................................................................................................................................................................................T
T...............................................T.............T.......T........................................................................................................................................................................................T
T.................................T............T...............................................................................................................................................................................................................T
T............................T................T..T............T................................................................................................................................................................................................T
T.............................T..............T....................T.T..........................................................................................................................................................................................T
T...........................................T..................................................................................................................................................................................................................T
T...................T......................T............T.......T..............................................................................................................................................................................................T
T.....................................T...T....................................................................................................................................................................................................................T
T........................................T........T............................................................................................................................................................................................................T
T...................................T...T.....T...........T....................................................................................................................................................................................................T
T................................T.....T.......................................................................................................................................................................................................................T
T.....................................T....T...................................................................................................................................................................................................................T
T....................................T.........................................................................................................................................................................................................................T
T...................................T..........................................................................................................................................................................................................................T
T..............T...................T......................T....................................................................................................................................................................................................T
T............T................T...T............................................................................................................................................................................................................................T
T...........................T....T.............................................................................................................................................................................................................................T
T...............................T......T.......................................................................................................................................................................................................................T
T......T...................T...................................................................................................................................................................................................................................T
T....................................................T.........................................................................................................................................................................................................T
T..............................................................................................................................................................................................................................................................T
T......................................T.......................................................................................................................................................................................................................T
T............................T.................................................................................................................................................................................................................................T
T..............................................................................................................................................................................................................................................................T
T..............................................................................................................................................................................................................................................................T
T...........T..................................T...............................................................................................................................................................................................................T
T..............................................................................................................................................................................................................................................................T
T.....................................T........................................................................................................................................................................................................................T
TT..................................TT.........................................................................................................................................................................................................................T
T..............................................................................................................................................................................................................................................................T
T.....T........................................................................................................................................................................................................................................................T
T...............................T...T..........................................................................................................................................................................................................................T
T.......................................T......................................................................................................................................................................................................................T
T..............................................................................................................................................................................................................................................................T
T..............................T...............................................................................................................................................................................................................................T
T..............................................................................................................................................................................................................................................................T
T.................................T............................................................................................................................................................................................................................T
T....TT........................................................................................................................................................................................................................................................T
T.............................T................................................................................................................................................................................................................................T
T........................T.....................................................................................................................................................................................................................................T
T..............................................................................................................................................................................................................................................................T
T......T.T.....................................................................................................................................................................................................................................................T
T.....................T........................................................................................................................................................................................................................................T
T..............................................................................................................................................................................................................................................................T
T..............T...........T...................................................................................................................................................................................................................................T
T..............................................................................................................................................................................................................................................................T
T..............................................................................................................................................................................................................................................................T
T........T.....................................................................................................................................................................................................................................................T
TTTTTTTTTTTTTTTTTTTTTTTTTTTTTTTTTTTTTTTTTTTTTTTTTTTTTTTTTTTTTTTTTTTTTTTTTTTTTTTTTTTTTTTTTTTTTTTTTTTTTTTTTTTTTTTTTTTTTTTTTTTTTTTTTTTTTTTTTTTTTTTTTTTTTTTTTTTTTTTTTTTTTTTTTTTTTTTTTTTTTTTTTTTTTTTTTTTTTTTTTTTTTTTTTTTTTTTTTTTTTTTTTTTTTTTTTTTTTTTTTTTTTTTTTTTTTTTT
